// Jest Snapshot v1, https://goo.gl/fbAQLP

exports[`App matches the snapshot 1`] = `
<div
  className="App"
>
  <div
    className="body"
  >
    <div
      className="container"
    >
      <button
        className="btn-tutorial"
        onClick={[Function]}
      >
        Open
      </button>
      <Tutorial
        closeModal={[Function]}
      />
    </div>
  </div>
</div>
`;
